<html>
<body>
<pre>
<h1>µVision Build Log</h1>
<h2>Tool Versions:</h2>
IDE-Version: ¦ÌVision V5.14.0.0
Copyright (C) 2015 ARM Ltd and ARM Germany GmbH. All rights reserved.
License Information: liu jizheng, GDUT, LIC=KIV74-FTZLH-VGH7J-UR2ZR-1AVNJ-DED6I
 
Tool Versions:
Toolchain:       MDK-ARM Professional  Version: 5.14.0.0
Toolchain Path:  C:\Keil_v5\ARM\ARMCC\Bin
C Compiler:      Armcc.exe V5.05 update 1 (build 106)
Assembler:       Armasm.exe V5.05 update 1 (build 106)
Linker/Locator:  ArmLink.exe V5.05 update 1 (build 106)
Library Manager: ArmAr.exe V5.05 update 1 (build 106)
Hex Converter:   FromElf.exe V5.05 update 1 (build 106)
CPU DLL:         SARMCM3.DLL V5.14.0.0
Dialog DLL:      DARMCM1.DLL V1.12.0.0
Target DLL:      CMSIS_AGDI.dll V1.21.0.0
Dialog DLL:      TARMCM1.DLL V1.9.0.0
 
<h2>Project:</h2>
C:\Users\Liujizheng\Desktop\HT32_STD_5xxxx_FWLib_v009_3383\example\USART\HyperTerminal_TxRx\MDK_ARMv5\Project_52352.uvprojx
Project File Date:  05/20/2019

<h2>Output:</h2>
Build target 'HT32'
compiling usart.c...
..\..\..\..\library\HT32F5xxxx_Driver\inc\ht32.h(36): warning:  #1295-D: Deprecated declaration initUsart1 - give arg types
  void initUsart1();
..\..\..\..\library\HT32F5xxxx_Driver\inc\ht32.h(37): warning:  #1295-D: Deprecated declaration initUsart2 - give arg types
  void initUsart2();
..\usart.c: 2 warnings, 0 errors
linking...
Program Size: Code=1916 RO-data=32 RW-data=12 ZI-data=644  
FromELF: creating hex file...
After Build - User command #1: fromelf --bin -o C:\Users\Liujizheng\Desktop\HT32_STD_5xxxx_FWLib_v009_3383\example\USART\HyperTerminal_TxRx\MDK_ARMv5\HT32\52352\Obj\HT32.axf.bin C:\Users\Liujizheng\Desktop\HT32_STD_5xxxx_FWLib_v009_3383\example\USART\HyperTerminal_TxRx\MDK_ARMv5\HT32\52352\Obj\HT32.axf
".\HT32\52352\Obj\HT32.axf" - 0 Error(s), 2 Warning(s).

<h2>Collection of Component include folders:</h2>
  C:\Users\Liujizheng\Desktop\HT32_STD_5xxxx_FWLib_v009_3383\example\USART\HyperTerminal_TxRx\MDK_ARMv5\RTE
  C:\Keil_v5\ARM\PACK\Holtek\HT32_DFP\1.0.14

<h2>Collection of Component Files used:</h2>
</pre>
</body>
</html>
